216.230.251.97 - - [14/Apr/2013:00:07:02 +0900] "POST /wordpress/wp-cron.php?doing_wp_cron HTTP/1.0" 200 475 "-" "WordPress/3.0.1; http://www.r-shinwa.jp/wordpress"
85.119.183.223 - - [14/Apr/2013:00:07:03 +0900] "POST /wordpress/wp-login.php HTTP/1.1" 200 3540 "http://www.r-shinwa.jp/wordpress/wp-login.php" "Mozilla/5.0 (Windows NT 6.1; WOW64; rv:18.0) Gecko/20100101 Firefox/18.0"
208.115.111.71 - - [14/Apr/2013:00:11:32 +0900] "GET /kodawari/archives.html HTTP/1.1" 200 18395 "-" "Mozilla/5.0 (compatible; Ezooms/1.0; ezooms.bot@gmail.com)"
91.231.40.54 - - [14/Apr/2013:00:12:46 +0900] "GET /kodawari/2012/06/post-114.html HTTP/1.0" 200 19302 "http://r-shinwa.jp/kodawari/2012/06/post-114.html" "Mozilla/5.0 (Windows NT 6.2; WOW64; rv:17.0) Gecko/17.0 Firefox/17.0"
91.231.40.54 - - [14/Apr/2013:00:12:49 +0900] "POST /cgi-bin/mt/mt-comments.cgi HTTP/1.0" 200 10647 "http://r-shinwa.jp/kodawari/2012/06/post-114.html" "Mozilla/5.0 (Windows NT 6.2; WOW64; rv:17.0) Gecko/17.0 Firefox/17.0"
91.231.40.54 - - [14/Apr/2013:00:12:54 +0900] "GET /kodawari/2012/06/post-114.html HTTP/1.0" 200 19302 "http://r-shinwa.jp/kodawari/2012/06/post-114.html" "Mozilla/5.0 (Windows NT 6.2; WOW64; rv:17.0) Gecko/17.0 Firefox/17.0"
216.230.251.97 - - [14/Apr/2013:00:20:34 +0900] "POST /wordpress/wp-cron.php?doing_wp_cron HTTP/1.0" 200 475 "-" "WordPress/3.0.1; http://www.r-shinwa.jp/wordpress"
174.127.117.77 - - [14/Apr/2013:00:20:35 +0900] "POST /wordpress/wp-login.php HTTP/1.1" 200 3540 "http://www.r-shinwa.jp/wordpress/wp-login.php" "Mozilla/5.0 (Windows NT 6.1; WOW64; rv:18.0) Gecko/20100101 Firefox/18.0"
65.60.29.133 - - [14/Apr/2013:00:20:35 +0900] "POST /wordpress/wp-login.php HTTP/1.1" 200 3540 "http://www.r-shinwa.jp/wordpress/wp-login.php" "Mozilla/5.0 (Windows NT 6.1; WOW64; rv:18.0) Gecko/20100101 Firefox/18.0"
78.142.63.82 - - [14/Apr/2013:00:20:35 +0900] "POST /wordpress/wp-login.php HTTP/1.1" 200 3540 "http://www.r-shinwa.jp/wordpress/wp-login.php" "Mozilla/5.0 (Windows NT 6.1; WOW64; rv:18.0) Gecko/20100101 Firefox/18.0"
49.251.121.134 - - [14/Apr/2013:00:37:02 +0900] "GET /wps/wp-content/uploads/2013/03/550.png HTTP/1.1" 200 72031 "http://e-shinwa.net/" "Mozilla/5.0 (Windows NT 6.2; WOW64) AppleWebKit/537.31 (KHTML, like Gecko) Chrome/26.0.1410.64 Safari/537.31"
157.55.33.18 - - [14/Apr/2013:00:41:57 +0900] "GET /robots.txt HTTP/1.1" 404 6352 "-" "Mozilla/5.0 (compatible; bingbot/2.0; +http://www.bing.com/bingbot.htm)"
157.55.33.18 - - [14/Apr/2013:00:44:00 +0900] "GET /kodawari/2011/06/post-73.html HTTP/1.1" 304 - "-" "Mozilla/5.0 (compatible; bingbot/2.0; +http://www.bing.com/bingbot.htm)"
118.2.49.139 - - [14/Apr/2013:00:45:41 +0900] "GET /?p=350 HTTP/1.1" 200 13736 "http://search.yahoo.co.jp/search?ei=UTF-8&fr=applpd&x=wrt&clone=1&p=casa+vita+%E9%80%B2%E5%92%8C%E3%83%9B%E3%83%BC%E3%83%A0" "Mozilla/5.0 (iPad; CPU OS 6_1 like Mac OS X) AppleWebKit/536.26 (KHTML, like Gecko) Version/6.0 Mobile/10B141 Safari/8536.25"
118.2.49.139 - - [14/Apr/2013:00:45:41 +0900] "GET /wps/wp-content/themes/casavilla/style.css HTTP/1.1" 200 17389 "http://www.r-shinwa.jp/?p=350" "Mozilla/5.0 (iPad; CPU OS 6_1 like Mac OS X) AppleWebKit/536.26 (KHTML, like Gecko) Version/6.0 Mobile/10B141 Safari/8536.25"
118.2.49.139 - - [14/Apr/2013:00:45:42 +0900] "GET /wps/wp-content/themes/casavilla/js/scriptset.js HTTP/1.1" 200 16349 "http://www.r-shinwa.jp/?p=350" "Mozilla/5.0 (iPad; CPU OS 6_1 like Mac OS X) AppleWebKit/536.26 (KHTML, like Gecko) Version/6.0 Mobile/10B141 Safari/8536.25"
118.2.49.139 - - [14/Apr/2013:00:45:42 +0900] "GET /wps/wp-content/uploads/2013/03/casa_vita_sim_01-300x225.jpg HTTP/1.1" 200 17884 "http://www.r-shinwa.jp/?p=350" "Mozilla/5.0 (iPad; CPU OS 6_1 like Mac OS X) AppleWebKit/536.26 (KHTML, like Gecko) Version/6.0 Mobile/10B141 Safari/8536.25"
118.2.49.139 - - [14/Apr/2013:00:45:42 +0900] "GET /wps/wp-content/uploads/2013/03/casa_vol3_H11-233x300.jpg HTTP/1.1" 200 11999 "http://www.r-shinwa.jp/?p=350" "Mozilla/5.0 (iPad; CPU OS 6_1 like Mac OS X) AppleWebKit/536.26 (KHTML, like Gecko) Version/6.0 Mobile/10B141 Safari/8536.25"
118.2.49.139 - - [14/Apr/2013:00:45:42 +0900] "GET /wps/wp-content/themes/casavilla/image/top_border.png HTTP/1.1" 200 938 "http://www.r-shinwa.jp/?p=350" "Mozilla/5.0 (iPad; CPU OS 6_1 like Mac OS X) AppleWebKit/536.26 (KHTML, like Gecko) Version/6.0 Mobile/10B141 Safari/8536.25"
118.2.49.139 - - [14/Apr/2013:00:45:42 +0900] "GET /wps/wp-content/uploads/2013/03/vita02-2-223x300.jpg HTTP/1.1" 200 21078 "http://www.r-shinwa.jp/?p=350" "Mozilla/5.0 (iPad; CPU OS 6_1 like Mac OS X) AppleWebKit/536.26 (KHTML, like Gecko) Version/6.0 Mobile/10B141 Safari/8536.25"
118.2.49.139 - - [14/Apr/2013:00:45:42 +0900] "GET /wps/wp-content/uploads/2013/03/7412312-300x187.jpg HTTP/1.1" 200 12282 "http://www.r-shinwa.jp/?p=350" "Mozilla/5.0 (iPad; CPU OS 6_1 like Mac OS X) AppleWebKit/536.26 (KHTML, like Gecko) Version/6.0 Mobile/10B141 Safari/8536.25"
118.2.49.139 - - [14/Apr/2013:00:45:42 +0900] "GET /wps/wp-content/uploads/2013/03/58e49f73c34e099670249714fe85a57a-300x187.jpg HTTP/1.1" 200 17699 "http://www.r-shinwa.jp/?p=350" "Mozilla/5.0 (iPad; CPU OS 6_1 like Mac OS X) AppleWebKit/536.26 (KHTML, like Gecko) Version/6.0 Mobile/10B141 Safari/8536.25"
118.2.49.139 - - [14/Apr/2013:00:45:42 +0900] "GET /wps/wp-content/themes/casavilla/image/pagetop_or.png HTTP/1.1" 200 1104 "http://www.r-shinwa.jp/?p=350" "Mozilla/5.0 (iPad; CPU OS 6_1 like Mac OS X) AppleWebKit/536.26 (KHTML, like Gecko) Version/6.0 Mobile/10B141 Safari/8536.25"
118.2.49.139 - - [14/Apr/2013:00:45:42 +0900] "GET /wps/wp-content/themes/casavilla/image/rc-villa_banner.png HTTP/1.1" 200 5576 "http://www.r-shinwa.jp/?p=350" "Mozilla/5.0 (iPad; CPU OS 6_1 like Mac OS X) AppleWebKit/536.26 (KHTML, like Gecko) Version/6.0 Mobile/10B141 Safari/8536.25"
118.2.49.139 - - [14/Apr/2013:00:45:42 +0900] "GET /wps/wp-content/uploads/2013/03/dbf379438c639e22533bd8b8262c9bf0-300x212.jpg HTTP/1.1" 200 30433 "http://www.r-shinwa.jp/?p=350" "Mozilla/5.0 (iPad; CPU OS 6_1 like Mac OS X) AppleWebKit/536.26 (KHTML, like Gecko) Version/6.0 Mobile/10B141 Safari/8536.25"
118.2.49.139 - - [14/Apr/2013:00:45:42 +0900] "GET /wps/wp-content/themes/casavilla/image/casavilla_banner.png HTTP/1.1" 200 1526 "http://www.r-shinwa.jp/?p=350" "Mozilla/5.0 (iPad; CPU OS 6_1 like Mac OS X) AppleWebKit/536.26 (KHTML, like Gecko) Version/6.0 Mobile/10B141 Safari/8536.25"
118.2.49.139 - - [14/Apr/2013:00:45:42 +0900] "GET /wps/wp-content/themes/casavilla/image/image_list_or.png HTTP/1.1" 200 15124 "http://www.r-shinwa.jp/?p=350" "Mozilla/5.0 (iPad; CPU OS 6_1 like Mac OS X) AppleWebKit/536.26 (KHTML, like Gecko) Version/6.0 Mobile/10B141 Safari/8536.25"
118.2.49.139 - - [14/Apr/2013:00:45:43 +0900] "GET /wps/wp-content/themes/casavilla/image/joytas_banner.png HTTP/1.1" 200 4744 "http://www.r-shinwa.jp/?p=350" "Mozilla/5.0 (iPad; CPU OS 6_1 like Mac OS X) AppleWebKit/536.26 (KHTML, like Gecko) Version/6.0 Mobile/10B141 Safari/8536.25"
118.2.49.139 - - [14/Apr/2013:00:45:43 +0900] "GET /wps/wp-content/themes/casavilla/print.css HTTP/1.1" 200 104 "http://www.r-shinwa.jp/?p=350" "Mozilla/5.0 (iPad; CPU OS 6_1 like Mac OS X) AppleWebKit/536.26 (KHTML, like Gecko) Version/6.0 Mobile/10B141 Safari/8536.25"
118.2.49.139 - - [14/Apr/2013:00:46:25 +0900] "GET /?page_id=12 HTTP/1.1" 200 8879 "http://www.r-shinwa.jp/?p=350" "Mozilla/5.0 (iPad; CPU OS 6_1 like Mac OS X) AppleWebKit/536.26 (KHTML, like Gecko) Version/6.0 Mobile/10B141 Safari/8536.25"
118.2.49.139 - - [14/Apr/2013:00:46:25 +0900] "GET /wps/wp-content/uploads/2012/08/concept_message.png HTTP/1.1" 200 2114 "http://www.r-shinwa.jp/?page_id=12" "Mozilla/5.0 (iPad; CPU OS 6_1 like Mac OS X) AppleWebKit/536.26 (KHTML, like Gecko) Version/6.0 Mobile/10B141 Safari/8536.25"
118.2.49.139 - - [14/Apr/2013:00:46:26 +0900] "GET /wps/wp-content/uploads/2012/08/concept2.jpg HTTP/1.1" 200 52110 "http://www.r-shinwa.jp/?page_id=12" "Mozilla/5.0 (iPad; CPU OS 6_1 like Mac OS X) AppleWebKit/536.26 (KHTML, like Gecko) Version/6.0 Mobile/10B141 Safari/8536.25"
118.2.49.139 - - [14/Apr/2013:00:46:36 +0900] "GET /?page_id=18 HTTP/1.1" 200 7020 "http://www.r-shinwa.jp/?page_id=12" "Mozilla/5.0 (iPad; CPU OS 6_1 like Mac OS X) AppleWebKit/536.26 (KHTML, like Gecko) Version/6.0 Mobile/10B141 Safari/8536.25"
118.2.49.139 - - [14/Apr/2013:00:46:37 +0900] "GET /wps/wp-content/themes/casavilla/image/casavilla_image.jpg HTTP/1.1" 200 39281 "http://www.r-shinwa.jp/?page_id=18" "Mozilla/5.0 (iPad; CPU OS 6_1 like Mac OS X) AppleWebKit/536.26 (KHTML, like Gecko) Version/6.0 Mobile/10B141 Safari/8536.25"
118.2.49.139 - - [14/Apr/2013:00:46:37 +0900] "GET /wps/wp-content/themes/casavilla/image/rc-villa_image.jpg HTTP/1.1" 200 36867 "http://www.r-shinwa.jp/?page_id=18" "Mozilla/5.0 (iPad; CPU OS 6_1 like Mac OS X) AppleWebKit/536.26 (KHTML, like Gecko) Version/6.0 Mobile/10B141 Safari/8536.25"
118.2.49.139 - - [14/Apr/2013:00:46:37 +0900] "GET /wps/wp-content/themes/casavilla/image/joytas_image.jpg HTTP/1.1" 200 35449 "http://www.r-shinwa.jp/?page_id=18" "Mozilla/5.0 (iPad; CPU OS 6_1 like Mac OS X) AppleWebKit/536.26 (KHTML, like Gecko) Version/6.0 Mobile/10B141 Safari/8536.25"
118.2.49.139 - - [14/Apr/2013:00:46:44 +0900] "GET /?page_id=20 HTTP/1.1" 200 9704 "http://www.r-shinwa.jp/?page_id=18" "Mozilla/5.0 (iPad; CPU OS 6_1 like Mac OS X) AppleWebKit/536.26 (KHTML, like Gecko) Version/6.0 Mobile/10B141 Safari/8536.25"
118.2.49.139 - - [14/Apr/2013:00:46:44 +0900] "GET /wps/wp-content/uploads/2012/08/Tujio_tei-01-160x160.jpg HTTP/1.1" 200 9584 "http://www.r-shinwa.jp/?page_id=20" "Mozilla/5.0 (iPad; CPU OS 6_1 like Mac OS X) AppleWebKit/536.26 (KHTML, like Gecko) Version/6.0 Mobile/10B141 Safari/8536.25"
118.2.49.139 - - [14/Apr/2013:00:46:44 +0900] "GET /wps/wp-content/themes/casavilla/image/casavilla_icon.png HTTP/1.1" 200 2100 "http://www.r-shinwa.jp/?page_id=20" "Mozilla/5.0 (iPad; CPU OS 6_1 like Mac OS X) AppleWebKit/536.26 (KHTML, like Gecko) Version/6.0 Mobile/10B141 Safari/8536.25"
118.2.49.139 - - [14/Apr/2013:00:46:44 +0900] "GET /wps/wp-content/uploads/2012/08/TOP2-160x160.jpg HTTP/1.1" 200 9073 "http://www.r-shinwa.jp/?page_id=20" "Mozilla/5.0 (iPad; CPU OS 6_1 like Mac OS X) AppleWebKit/536.26 (KHTML, like Gecko) Version/6.0 Mobile/10B141 Safari/8536.25"
118.2.49.139 - - [14/Apr/2013:00:46:44 +0900] "GET /wps/wp-content/uploads/2012/08/DSC_0662-160x160.jpg HTTP/1.1" 200 7644 "http://www.r-shinwa.jp/?page_id=20" "Mozilla/5.0 (iPad; CPU OS 6_1 like Mac OS X) AppleWebKit/536.26 (KHTML, like Gecko) Version/6.0 Mobile/10B141 Safari/8536.25"
118.2.49.139 - - [14/Apr/2013:00:46:44 +0900] "GET /wps/wp-content/themes/casavilla/image/rc-villa_icon.png HTTP/1.1" 200 1858 "http://www.r-shinwa.jp/?page_id=20" "Mozilla/5.0 (iPad; CPU OS 6_1 like Mac OS X) AppleWebKit/536.26 (KHTML, like Gecko) Version/6.0 Mobile/10B141 Safari/8536.25"
118.2.49.139 - - [14/Apr/2013:00:46:45 +0900] "GET /wps/wp-content/uploads/2012/08/4da8d91d6ecafc2064b42ebfb8d7550c-160x160.jpg HTTP/1.1" 200 11413 "http://www.r-shinwa.jp/?page_id=20" "Mozilla/5.0 (iPad; CPU OS 6_1 like Mac OS X) AppleWebKit/536.26 (KHTML, like Gecko) Version/6.0 Mobile/10B141 Safari/8536.25"
118.2.49.139 - - [14/Apr/2013:00:46:45 +0900] "GET /wps/wp-content/uploads/2012/08/f5cf7bba63b0077e50302d907eb5ff72-160x160.jpg HTTP/1.1" 200 9839 "http://www.r-shinwa.jp/?page_id=20" "Mozilla/5.0 (iPad; CPU OS 6_1 like Mac OS X) AppleWebKit/536.26 (KHTML, like Gecko) Version/6.0 Mobile/10B141 Safari/8536.25"
118.2.49.139 - - [14/Apr/2013:00:46:45 +0900] "GET /wps/wp-content/uploads/2012/08/TOP-160x160.jpg HTTP/1.1" 200 7754 "http://www.r-shinwa.jp/?page_id=20" "Mozilla/5.0 (iPad; CPU OS 6_1 like Mac OS X) AppleWebKit/536.26 (KHTML, like Gecko) Version/6.0 Mobile/10B141 Safari/8536.25"
118.2.49.139 - - [14/Apr/2013:00:46:45 +0900] "GET /wps/wp-content/uploads/2012/08/ed66626e2f6567219113fd761f05f77a-160x160.png HTTP/1.1" 200 38042 "http://www.r-shinwa.jp/?page_id=20" "Mozilla/5.0 (iPad; CPU OS 6_1 like Mac OS X) AppleWebKit/536.26 (KHTML, like Gecko) Version/6.0 Mobile/10B141 Safari/8536.25"
118.2.49.139 - - [14/Apr/2013:00:46:45 +0900] "GET /wps/wp-content/themes/casavilla/image/joytas_icon.png HTTP/1.1" 200 1626 "http://www.r-shinwa.jp/?page_id=20" "Mozilla/5.0 (iPad; CPU OS 6_1 like Mac OS X) AppleWebKit/536.26 (KHTML, like Gecko) Version/6.0 Mobile/10B141 Safari/8536.25"
118.2.49.139 - - [14/Apr/2013:00:46:55 +0900] "GET /?page_id=25 HTTP/1.1" 200 10213 "http://www.r-shinwa.jp/?page_id=20" "Mozilla/5.0 (iPad; CPU OS 6_1 like Mac OS X) AppleWebKit/536.26 (KHTML, like Gecko) Version/6.0 Mobile/10B141 Safari/8536.25"
118.2.49.139 - - [14/Apr/2013:00:47:15 +0900] "GET / HTTP/1.1" 200 10346 "http://www.r-shinwa.jp/?page_id=25" "Mozilla/5.0 (iPad; CPU OS 6_1 like Mac OS X) AppleWebKit/536.26 (KHTML, like Gecko) Version/6.0 Mobile/10B141 Safari/8536.25"
118.2.49.139 - - [14/Apr/2013:00:47:15 +0900] "GET /wps/wp-content/themes/casavilla/js/top_slide.js HTTP/1.1" 200 858 "http://www.r-shinwa.jp/" "Mozilla/5.0 (iPad; CPU OS 6_1 like Mac OS X) AppleWebKit/536.26 (KHTML, like Gecko) Version/6.0 Mobile/10B141 Safari/8536.25"
118.2.49.139 - - [14/Apr/2013:00:47:16 +0900] "GET /wps/wp-content/uploads/2012/08/Tujio_tei-01-160x100.jpg HTTP/1.1" 200 7760 "http://www.r-shinwa.jp/" "Mozilla/5.0 (iPad; CPU OS 6_1 like Mac OS X) AppleWebKit/536.26 (KHTML, like Gecko) Version/6.0 Mobile/10B141 Safari/8536.25"
118.2.49.139 - - [14/Apr/2013:00:47:16 +0900] "GET /wps/wp-content/themes/casavilla/image/slide_04.jpg HTTP/1.1" 200 77327 "http://www.r-shinwa.jp/" "Mozilla/5.0 (iPad; CPU OS 6_1 like Mac OS X) AppleWebKit/536.26 (KHTML, like Gecko) Version/6.0 Mobile/10B141 Safari/8536.25"
118.2.49.139 - - [14/Apr/2013:00:47:16 +0900] "GET /wps/wp-content/uploads/2013/03/550.png HTTP/1.1" 200 72031 "http://www.r-shinwa.jp/" "Mozilla/5.0 (iPad; CPU OS 6_1 like Mac OS X) AppleWebKit/536.26 (KHTML, like Gecko) Version/6.0 Mobile/10B141 Safari/8536.25"
118.2.49.139 - - [14/Apr/2013:00:47:16 +0900] "GET /wps/wp-content/uploads/2012/08/TOP2-160x100.jpg HTTP/1.1" 200 6224 "http://www.r-shinwa.jp/" "Mozilla/5.0 (iPad; CPU OS 6_1 like Mac OS X) AppleWebKit/536.26 (KHTML, like Gecko) Version/6.0 Mobile/10B141 Safari/8536.25"
118.2.49.139 - - [14/Apr/2013:00:47:16 +0900] "GET /wps/wp-content/uploads/2012/08/CASAVILLA3.jpg HTTP/1.1" 200 265294 "http://www.r-shinwa.jp/" "Mozilla/5.0 (iPad; CPU OS 6_1 like Mac OS X) AppleWebKit/536.26 (KHTML, like Gecko) Version/6.0 Mobile/10B141 Safari/8536.25"
118.2.49.139 - - [14/Apr/2013:00:47:17 +0900] "GET /wps/wp-content/uploads/2012/08/4da8d91d6ecafc2064b42ebfb8d7550c-160x100.jpg HTTP/1.1" 200 7962 "http://www.r-shinwa.jp/" "Mozilla/5.0 (iPad; CPU OS 6_1 like Mac OS X) AppleWebKit/536.26 (KHTML, like Gecko) Version/6.0 Mobile/10B141 Safari/8536.25"
118.2.49.139 - - [14/Apr/2013:00:47:17 +0900] "GET /wps/wp-content/uploads/2012/08/CASAVILLA1.jpg HTTP/1.1" 200 152072 "http://www.r-shinwa.jp/" "Mozilla/5.0 (iPad; CPU OS 6_1 like Mac OS X) AppleWebKit/536.26 (KHTML, like Gecko) Version/6.0 Mobile/10B141 Safari/8536.25"
118.2.49.139 - - [14/Apr/2013:00:47:17 +0900] "GET /wps/wp-content/themes/casavilla/image/slide_01.jpg HTTP/1.1" 200 89180 "http://www.r-shinwa.jp/" "Mozilla/5.0 (iPad; CPU OS 6_1 like Mac OS X) AppleWebKit/536.26 (KHTML, like Gecko) Version/6.0 Mobile/10B141 Safari/8536.25"
118.2.49.139 - - [14/Apr/2013:00:47:17 +0900] "GET /wps/wp-content/themes/casavilla/image/allow.png HTTP/1.1" 200 974 "http://www.r-shinwa.jp/" "Mozilla/5.0 (iPad; CPU OS 6_1 like Mac OS X) AppleWebKit/536.26 (KHTML, like Gecko) Version/6.0 Mobile/10B141 Safari/8536.25"
118.2.49.139 - - [14/Apr/2013:00:47:51 +0900] "GET /vita/ HTTP/1.1" 200 7660 "http://www.r-shinwa.jp/" "Mozilla/5.0 (iPad; CPU OS 6_1 like Mac OS X) AppleWebKit/536.26 (KHTML, like Gecko) Version/6.0 Mobile/10B141 Safari/8536.25"
118.2.49.139 - - [14/Apr/2013:00:47:51 +0900] "GET /vita/style.css HTTP/1.1" 200 5979 "http://www.r-shinwa.jp/vita/" "Mozilla/5.0 (iPad; CPU OS 6_1 like Mac OS X) AppleWebKit/536.26 (KHTML, like Gecko) Version/6.0 Mobile/10B141 Safari/8536.25"
118.2.49.139 - - [14/Apr/2013:00:47:52 +0900] "GET /vita/js/jquery.fancybox-1.2.6.pack.js HTTP/1.1" 200 9522 "http://www.r-shinwa.jp/vita/" "Mozilla/5.0 (iPad; CPU OS 6_1 like Mac OS X) AppleWebKit/536.26 (KHTML, like Gecko) Version/6.0 Mobile/10B141 Safari/8536.25"
118.2.49.139 - - [14/Apr/2013:00:47:52 +0900] "GET /vita/js/jquery.anchor.js HTTP/1.1" 200 975 "http://www.r-shinwa.jp/vita/" "Mozilla/5.0 (iPad; CPU OS 6_1 like Mac OS X) AppleWebKit/536.26 (KHTML, like Gecko) Version/6.0 Mobile/10B141 Safari/8536.25"
118.2.49.139 - - [14/Apr/2013:00:47:53 +0900] "GET /vita/images/top.png HTTP/1.1" 200 110795 "http://www.r-shinwa.jp/vita/" "Mozilla/5.0 (iPad; CPU OS 6_1 like Mac OS X) AppleWebKit/536.26 (KHTML, like Gecko) Version/6.0 Mobile/10B141 Safari/8536.25"
118.2.49.139 - - [14/Apr/2013:00:47:53 +0900] "GET /vita/YanoneKaffeesatz-Bold.otf HTTP/1.1" 200 54992 "http://www.r-shinwa.jp/vita/" "Mozilla/5.0 (iPad; CPU OS 6_1 like Mac OS X) AppleWebKit/536.26 (KHTML, like Gecko) Version/6.0 Mobile/10B141 Safari/8536.25"
118.2.49.139 - - [14/Apr/2013:00:47:53 +0900] "GET /vita/images/69.jpg HTTP/1.1" 200 564275 "http://www.r-shinwa.jp/vita/" "Mozilla/5.0 (iPad; CPU OS 6_1 like Mac OS X) AppleWebKit/536.26 (KHTML, like Gecko) Version/6.0 Mobile/10B141 Safari/8536.25"
118.2.49.139 - - [14/Apr/2013:00:47:54 +0900] "GET /vita/images/66.jpg HTTP/1.1" 200 525959 "http://www.r-shinwa.jp/vita/" "Mozilla/5.0 (iPad; CPU OS 6_1 like Mac OS X) AppleWebKit/536.26 (KHTML, like Gecko) Version/6.0 Mobile/10B141 Safari/8536.25"
118.2.49.139 - - [14/Apr/2013:00:47:54 +0900] "GET /vita/images/64.jpg HTTP/1.1" 200 597662 "http://www.r-shinwa.jp/vita/" "Mozilla/5.0 (iPad; CPU OS 6_1 like Mac OS X) AppleWebKit/536.26 (KHTML, like Gecko) Version/6.0 Mobile/10B141 Safari/8536.25"
118.2.49.139 - - [14/Apr/2013:00:47:54 +0900] "GET /vita/images/65.jpg HTTP/1.1" 200 796648 "http://www.r-shinwa.jp/vita/" "Mozilla/5.0 (iPad; CPU OS 6_1 like Mac OS X) AppleWebKit/536.26 (KHTML, like Gecko) Version/6.0 Mobile/10B141 Safari/8536.25"
118.2.49.139 - - [14/Apr/2013:00:47:54 +0900] "GET /vita/images/7723.jpg HTTP/1.1" 200 587379 "http://www.r-shinwa.jp/vita/" "Mozilla/5.0 (iPad; CPU OS 6_1 like Mac OS X) AppleWebKit/536.26 (KHTML, like Gecko) Version/6.0 Mobile/10B141 Safari/8536.25"
118.2.49.139 - - [14/Apr/2013:00:47:54 +0900] "GET /vita/images/BS12.jpg HTTP/1.1" 200 1001612 "http://www.r-shinwa.jp/vita/" "Mozilla/5.0 (iPad; CPU OS 6_1 like Mac OS X) AppleWebKit/536.26 (KHTML, like Gecko) Version/6.0 Mobile/10B141 Safari/8536.25"
118.2.49.139 - - [14/Apr/2013:00:47:55 +0900] "GET /vita/images/76.jpg HTTP/1.1" 200 559763 "http://www.r-shinwa.jp/vita/" "Mozilla/5.0 (iPad; CPU OS 6_1 like Mac OS X) AppleWebKit/536.26 (KHTML, like Gecko) Version/6.0 Mobile/10B141 Safari/8536.25"
118.2.49.139 - - [14/Apr/2013:00:47:55 +0900] "GET /vita/images/pattern.gif HTTP/1.1" 200 522 "http://www.r-shinwa.jp/vita/" "Mozilla/5.0 (iPad; CPU OS 6_1 like Mac OS X) AppleWebKit/536.26 (KHTML, like Gecko) Version/6.0 Mobile/10B141 Safari/8536.25"
118.2.49.139 - - [14/Apr/2013:00:47:55 +0900] "GET /vita/images/intro.png HTTP/1.1" 200 12590 "http://www.r-shinwa.jp/vita/" "Mozilla/5.0 (iPad; CPU OS 6_1 like Mac OS X) AppleWebKit/536.26 (KHTML, like Gecko) Version/6.0 Mobile/10B141 Safari/8536.25"
118.2.49.139 - - [14/Apr/2013:00:47:55 +0900] "GET /vita/images/75.jpg HTTP/1.1" 200 615953 "http://www.r-shinwa.jp/vita/" "Mozilla/5.0 (iPad; CPU OS 6_1 like Mac OS X) AppleWebKit/536.26 (KHTML, like Gecko) Version/6.0 Mobile/10B141 Safari/8536.25"
118.2.49.139 - - [14/Apr/2013:00:47:55 +0900] "GET /vita/images/74.jpg HTTP/1.1" 200 487968 "http://www.r-shinwa.jp/vita/" "Mozilla/5.0 (iPad; CPU OS 6_1 like Mac OS X) AppleWebKit/536.26 (KHTML, like Gecko) Version/6.0 Mobile/10B141 Safari/8536.25"
118.2.49.139 - - [14/Apr/2013:00:47:56 +0900] "GET /vita/images/10039448247.gif HTTP/1.1" 200 7174 "http://www.r-shinwa.jp/vita/" "Mozilla/5.0 (iPad; CPU OS 6_1 like Mac OS X) AppleWebKit/536.26 (KHTML, like Gecko) Version/6.0 Mobile/10B141 Safari/8536.25"
118.2.49.139 - - [14/Apr/2013:00:47:56 +0900] "GET /vita/images/portfolio.png HTTP/1.1" 200 10898 "http://www.r-shinwa.jp/vita/" "Mozilla/5.0 (iPad; CPU OS 6_1 like Mac OS X) AppleWebKit/536.26 (KHTML, like Gecko) Version/6.0 Mobile/10B141 Safari/8536.25"
118.2.49.139 - - [14/Apr/2013:00:47:56 +0900] "GET /vita/images/casa_vol3_H1.jpg HTTP/1.1" 200 954096 "http://www.r-shinwa.jp/vita/" "Mozilla/5.0 (iPad; CPU OS 6_1 like Mac OS X) AppleWebKit/536.26 (KHTML, like Gecko) Version/6.0 Mobile/10B141 Safari/8536.25"
118.2.49.139 - - [14/Apr/2013:00:47:57 +0900] "GET /vita/images/about.png HTTP/1.1" 200 11617 "http://www.r-shinwa.jp/vita/" "Mozilla/5.0 (iPad; CPU OS 6_1 like Mac OS X) AppleWebKit/536.26 (KHTML, like Gecko) Version/6.0 Mobile/10B141 Safari/8536.25"
118.2.49.139 - - [14/Apr/2013:00:47:58 +0900] "GET /vita/images/vita02-2.jpg HTTP/1.1" 200 3297201 "http://www.r-shinwa.jp/vita/" "Mozilla/5.0 (iPad; CPU OS 6_1 like Mac OS X) AppleWebKit/536.26 (KHTML, like Gecko) Version/6.0 Mobile/10B141 Safari/8536.25"
118.2.49.139 - - [14/Apr/2013:00:47:58 +0900] "GET /vita/images/vita01-2.jpg HTTP/1.1" 200 2380259 "http://www.r-shinwa.jp/vita/" "Mozilla/5.0 (iPad; CPU OS 6_1 like Mac OS X) AppleWebKit/536.26 (KHTML, like Gecko) Version/6.0 Mobile/10B141 Safari/8536.25"
118.2.49.139 - - [14/Apr/2013:00:47:58 +0900] "GET /vita/images/contact.png HTTP/1.1" 200 8455 "http://www.r-shinwa.jp/vita/" "Mozilla/5.0 (iPad; CPU OS 6_1 like Mac OS X) AppleWebKit/536.26 (KHTML, like Gecko) Version/6.0 Mobile/10B141 Safari/8536.25"
118.2.49.139 - - [14/Apr/2013:00:48:43 +0900] "GET /?p=350 HTTP/1.1" 200 13736 "http://www.r-shinwa.jp/" "Mozilla/5.0 (iPad; CPU OS 6_1 like Mac OS X) AppleWebKit/536.26 (KHTML, like Gecko) Version/6.0 Mobile/10B141 Safari/8536.25"
216.230.251.97 - - [14/Apr/2013:01:00:48 +0900] "POST /wordpress/wp-cron.php?doing_wp_cron HTTP/1.0" 200 475 "-" "WordPress/3.0.1; http://www.r-shinwa.jp/wordpress"
65.60.29.133 - - [14/Apr/2013:01:00:48 +0900] "POST /wordpress/wp-login.php HTTP/1.1" 200 3540 "http://www.r-shinwa.jp/wordpress/wp-login.php" "Mozilla/5.0 (Windows NT 6.1; WOW64; rv:18.0) Gecko/20100101 Firefox/18.0"
219.105.34.179 - - [14/Apr/2013:01:20:26 +0900] "GET /vita/ HTTP/1.1" 200 7660 "-" "Mozilla/5.0 (Macintosh; Intel Mac OS X 10_8_3) AppleWebKit/537.31 (KHTML, like Gecko) Chrome/26.0.1410.65 Safari/537.31"
219.105.34.179 - - [14/Apr/2013:01:20:27 +0900] "GET /vita/style.css HTTP/1.1" 200 5979 "http://www.r-shinwa.jp/vita/" "Mozilla/5.0 (Macintosh; Intel Mac OS X 10_8_3) AppleWebKit/537.31 (KHTML, like Gecko) Chrome/26.0.1410.65 Safari/537.31"
219.105.34.179 - - [14/Apr/2013:01:20:27 +0900] "GET /vita/js/jquery.anchor.js HTTP/1.1" 200 975 "http://www.r-shinwa.jp/vita/" "Mozilla/5.0 (Macintosh; Intel Mac OS X 10_8_3) AppleWebKit/537.31 (KHTML, like Gecko) Chrome/26.0.1410.65 Safari/537.31"
219.105.34.179 - - [14/Apr/2013:01:20:27 +0900] "GET /vita/js/jquery.fancybox-1.2.6.pack.js HTTP/1.1" 200 9522 "http://www.r-shinwa.jp/vita/" "Mozilla/5.0 (Macintosh; Intel Mac OS X 10_8_3) AppleWebKit/537.31 (KHTML, like Gecko) Chrome/26.0.1410.65 Safari/537.31"
219.105.34.179 - - [14/Apr/2013:01:20:27 +0900] "GET /wps/wp-content/themes/casavilla/js/scriptset.js HTTP/1.1" 200 16349 "http://www.r-shinwa.jp/vita/" "Mozilla/5.0 (Macintosh; Intel Mac OS X 10_8_3) AppleWebKit/537.31 (KHTML, like Gecko) Chrome/26.0.1410.65 Safari/537.31"
219.105.34.179 - - [14/Apr/2013:01:20:27 +0900] "GET /vita/images/pattern.gif HTTP/1.1" 200 522 "http://www.r-shinwa.jp/vita/" "Mozilla/5.0 (Macintosh; Intel Mac OS X 10_8_3) AppleWebKit/537.31 (KHTML, like Gecko) Chrome/26.0.1410.65 Safari/537.31"
219.105.34.179 - - [14/Apr/2013:01:20:28 +0900] "GET /vita/images/intro.png HTTP/1.1" 200 12590 "http://www.r-shinwa.jp/vita/" "Mozilla/5.0 (Macintosh; Intel Mac OS X 10_8_3) AppleWebKit/537.31 (KHTML, like Gecko) Chrome/26.0.1410.65 Safari/537.31"
219.105.34.179 - - [14/Apr/2013:01:20:28 +0900] "GET /wps/wp-content/uploads/2013/03/casa_vita_sim_01-300x225.jpg HTTP/1.1" 200 17884 "http://www.r-shinwa.jp/vita/" "Mozilla/5.0 (Macintosh; Intel Mac OS X 10_8_3) AppleWebKit/537.31 (KHTML, like Gecko) Chrome/26.0.1410.65 Safari/537.31"
219.105.34.179 - - [14/Apr/2013:01:20:28 +0900] "GET /vita/images/top.png HTTP/1.1" 200 110795 "http://www.r-shinwa.jp/vita/" "Mozilla/5.0 (Macintosh; Intel Mac OS X 10_8_3) AppleWebKit/537.31 (KHTML, like Gecko) Chrome/26.0.1410.65 Safari/537.31"
219.105.34.179 - - [14/Apr/2013:01:20:28 +0900] "GET /vita/YanoneKaffeesatz-Bold.otf HTTP/1.1" 200 54992 "http://www.r-shinwa.jp/vita/" "Mozilla/5.0 (Macintosh; Intel Mac OS X 10_8_3) AppleWebKit/537.31 (KHTML, like Gecko) Chrome/26.0.1410.65 Safari/537.31"
219.105.34.179 - - [14/Apr/2013:01:20:29 +0900] "GET /vita/images/66.jpg HTTP/1.1" 200 525959 "http://www.r-shinwa.jp/vita/" "Mozilla/5.0 (Macintosh; Intel Mac OS X 10_8_3) AppleWebKit/537.31 (KHTML, like Gecko) Chrome/26.0.1410.65 Safari/537.31"
219.105.34.179 - - [14/Apr/2013:01:20:29 +0900] "GET /vita/images/64.jpg HTTP/1.1" 200 597662 "http://www.r-shinwa.jp/vita/" "Mozilla/5.0 (Macintosh; Intel Mac OS X 10_8_3) AppleWebKit/537.31 (KHTML, like Gecko) Chrome/26.0.1410.65 Safari/537.31"
219.105.34.179 - - [14/Apr/2013:01:20:30 +0900] "GET /vita/images/69.jpg HTTP/1.1" 200 564275 "http://www.r-shinwa.jp/vita/" "Mozilla/5.0 (Macintosh; Intel Mac OS X 10_8_3) AppleWebKit/537.31 (KHTML, like Gecko) Chrome/26.0.1410.65 Safari/537.31"
219.105.34.179 - - [14/Apr/2013:01:20:30 +0900] "GET /vita/images/74.jpg HTTP/1.1" 200 487968 "http://www.r-shinwa.jp/vita/" "Mozilla/5.0 (Macintosh; Intel Mac OS X 10_8_3) AppleWebKit/537.31 (KHTML, like Gecko) Chrome/26.0.1410.65 Safari/537.31"
219.105.34.179 - - [14/Apr/2013:01:20:31 +0900] "GET /vita/images/portfolio.png HTTP/1.1" 200 10898 "http://www.r-shinwa.jp/vita/" "Mozilla/5.0 (Macintosh; Intel Mac OS X 10_8_3) AppleWebKit/537.31 (KHTML, like Gecko) Chrome/26.0.1410.65 Safari/537.31"
219.105.34.179 - - [14/Apr/2013:01:20:31 +0900] "GET /vita/images/76.jpg HTTP/1.1" 200 559763 "http://www.r-shinwa.jp/vita/" "Mozilla/5.0 (Macintosh; Intel Mac OS X 10_8_3) AppleWebKit/537.31 (KHTML, like Gecko) Chrome/26.0.1410.65 Safari/537.31"
219.105.34.179 - - [14/Apr/2013:01:20:31 +0900] "GET /vita/images/10039448247.gif HTTP/1.1" 200 7174 "http://www.r-shinwa.jp/vita/" "Mozilla/5.0 (Macintosh; Intel Mac OS X 10_8_3) AppleWebKit/537.31 (KHTML, like Gecko) Chrome/26.0.1410.65 Safari/537.31"
219.105.34.179 - - [14/Apr/2013:01:20:31 +0900] "GET /vita/images/about.png HTTP/1.1" 200 11617 "http://www.r-shinwa.jp/vita/" "Mozilla/5.0 (Macintosh; Intel Mac OS X 10_8_3) AppleWebKit/537.31 (KHTML, like Gecko) Chrome/26.0.1410.65 Safari/537.31"
219.105.34.179 - - [14/Apr/2013:01:20:31 +0900] "GET /vita/images/7723.jpg HTTP/1.1" 200 587379 "http://www.r-shinwa.jp/vita/" "Mozilla/5.0 (Macintosh; Intel Mac OS X 10_8_3) AppleWebKit/537.31 (KHTML, like Gecko) Chrome/26.0.1410.65 Safari/537.31"
219.105.34.179 - - [14/Apr/2013:01:20:32 +0900] "GET /vita/images/65.jpg HTTP/1.1" 200 796648 "http://www.r-shinwa.jp/vita/" "Mozilla/5.0 (Macintosh; Intel Mac OS X 10_8_3) AppleWebKit/537.31 (KHTML, like Gecko) Chrome/26.0.1410.65 Safari/537.31"
219.105.34.179 - - [14/Apr/2013:01:20:32 +0900] "GET /vita/images/75.jpg HTTP/1.1" 200 615953 "http://www.r-shinwa.jp/vita/" "Mozilla/5.0 (Macintosh; Intel Mac OS X 10_8_3) AppleWebKit/537.31 (KHTML, like Gecko) Chrome/26.0.1410.65 Safari/537.31"
219.105.34.179 - - [14/Apr/2013:01:20:33 +0900] "GET /vita/images/contact.png HTTP/1.1" 200 8455 "http://www.r-shinwa.jp/vita/" "Mozilla/5.0 (Macintosh; Intel Mac OS X 10_8_3) AppleWebKit/537.31 (KHTML, like Gecko) Chrome/26.0.1410.65 Safari/537.31"
219.105.34.179 - - [14/Apr/2013:01:20:34 +0900] "GET /vita/images/BS12.jpg HTTP/1.1" 200 1001612 "http://www.r-shinwa.jp/vita/" "Mozilla/5.0 (Macintosh; Intel Mac OS X 10_8_3) AppleWebKit/537.31 (KHTML, like Gecko) Chrome/26.0.1410.65 Safari/537.31"
219.105.34.179 - - [14/Apr/2013:01:20:36 +0900] "GET /vita/images/casa_vol3_H1.jpg HTTP/1.1" 200 954096 "http://www.r-shinwa.jp/vita/" "Mozilla/5.0 (Macintosh; Intel Mac OS X 10_8_3) AppleWebKit/537.31 (KHTML, like Gecko) Chrome/26.0.1410.65 Safari/537.31"
219.105.34.179 - - [14/Apr/2013:01:20:39 +0900] "GET /vita/images/vita01-2.jpg HTTP/1.1" 200 2380259 "http://www.r-shinwa.jp/vita/" "Mozilla/5.0 (Macintosh; Intel Mac OS X 10_8_3) AppleWebKit/537.31 (KHTML, like Gecko) Chrome/26.0.1410.65 Safari/537.31"
219.105.34.179 - - [14/Apr/2013:01:20:40 +0900] "GET /vita/images/vita02-2.jpg HTTP/1.1" 200 3297201 "http://www.r-shinwa.jp/vita/" "Mozilla/5.0 (Macintosh; Intel Mac OS X 10_8_3) AppleWebKit/537.31 (KHTML, like Gecko) Chrome/26.0.1410.65 Safari/537.31"
219.105.34.179 - - [14/Apr/2013:01:20:40 +0900] "GET /favicon.ico HTTP/1.1" 404 0 "-" "Mozilla/5.0 (Macintosh; Intel Mac OS X 10_8_3) AppleWebKit/537.31 (KHTML, like Gecko) Chrome/26.0.1410.65 Safari/537.31"
157.55.33.18 - - [14/Apr/2013:01:27:30 +0900] "GET /kodawari/2010/08/post-11.html HTTP/1.1" 304 - "-" "Mozilla/5.0 (compatible; bingbot/2.0; +http://www.bing.com/bingbot.htm)"
213.186.127.12 - - [14/Apr/2013:01:29:01 +0900] "GET /cgi-bin/mt/mt-cp.cgi?__mode=feed&_type=actions&blog_id=1&id=3 HTTP/1.1" 200 135256 "-" "AhrefsBot.Feeds v0.1; http://ahrefs.com/"
65.55.52.87 - - [14/Apr/2013:01:30:30 +0900] "GET /aboutus.html HTTP/1.1" 301 250 "-" "Mozilla/5.0 (compatible; bingbot/2.0; +http://www.bing.com/bingbot.htm)"
216.230.251.97 - - [14/Apr/2013:01:31:21 +0900] "POST /wordpress/wp-cron.php?doing_wp_cron HTTP/1.0" 200 475 "-" "WordPress/3.0.1; http://www.r-shinwa.jp/wordpress"
216.230.251.97 - - [14/Apr/2013:01:31:21 +0900] "POST /wordpress/wp-cron.php?doing_wp_cron HTTP/1.0" 200 475 "-" "WordPress/3.0.1; http://www.r-shinwa.jp/wordpress"
188.40.69.202 - - [14/Apr/2013:01:31:22 +0900] "POST /wordpress/wp-login.php HTTP/1.1" 200 3540 "http://www.r-shinwa.jp/wordpress/wp-login.php" "Mozilla/5.0 (Windows NT 6.1; WOW64; rv:18.0) Gecko/20100101 Firefox/18.0"
188.40.69.202 - - [14/Apr/2013:01:31:22 +0900] "POST /wordpress/wp-login.php HTTP/1.1" 200 3540 "http://www.r-shinwa.jp/wordpress/wp-login.php" "Mozilla/5.0 (Windows NT 6.1; WOW64; rv:18.0) Gecko/20100101 Firefox/18.0"
92.114.86.81 - - [14/Apr/2013:01:31:22 +0900] "POST /wordpress/wp-login.php HTTP/1.1" 200 3540 "http://www.r-shinwa.jp/wordpress/wp-login.php" "Mozilla/5.0 (Windows NT 6.1; WOW64; rv:18.0) Gecko/20100101 Firefox/18.0"
157.55.35.48 - - [14/Apr/2013:01:33:59 +0900] "GET /kodawari/2010/09/post-29.html HTTP/1.1" 304 - "-" "Mozilla/5.0 (compatible; bingbot/2.0; +http://www.bing.com/bingbot.htm)"
157.55.33.181 - - [14/Apr/2013:01:35:31 +0900] "GET /?page_id=25 HTTP/1.1" 200 10213 "-" "Mozilla/5.0 (compatible; bingbot/2.0; +http://www.bing.com/bingbot.htm)"
216.230.251.97 - - [14/Apr/2013:01:53:43 +0900] "POST /wordpress/wp-cron.php?doing_wp_cron HTTP/1.0" 200 475 "-" "WordPress/3.0.1; http://www.r-shinwa.jp/wordpress"
184.107.150.58 - - [14/Apr/2013:01:53:43 +0900] "POST /wordpress/wp-login.php HTTP/1.1" 200 3540 "http://www.r-shinwa.jp/wordpress/wp-login.php" "Mozilla/5.0 (Windows NT 6.1; WOW64; rv:18.0) Gecko/20100101 Firefox/18.0"
157.55.33.18 - - [14/Apr/2013:02:09:31 +0900] "GET /kodawari/author3/2011/08/ HTTP/1.1" 304 - "-" "Mozilla/5.0 (compatible; bingbot/2.0; +http://www.bing.com/bingbot.htm)"
157.55.33.79 - - [14/Apr/2013:02:38:28 +0900] "GET /kodawari/2011/01/post-56.html HTTP/1.1" 304 - "-" "Mozilla/5.0 (compatible; bingbot/2.0; +http://www.bing.com/bingbot.htm)"
216.230.251.97 - - [14/Apr/2013:02:41:34 +0900] "POST /wordpress/wp-cron.php?doing_wp_cron HTTP/1.0" 200 475 "-" "WordPress/3.0.1; http://www.r-shinwa.jp/wordpress"
184.107.150.58 - - [14/Apr/2013:02:41:35 +0900] "POST /wordpress/wp-login.php HTTP/1.1" 200 3540 "http://www.r-shinwa.jp/wordpress/wp-login.php" "Mozilla/5.0 (Windows NT 6.1; WOW64; rv:18.0) Gecko/20100101 Firefox/18.0"
198.144.157.117 - - [14/Apr/2013:02:41:35 +0900] "POST /wordpress/wp-login.php HTTP/1.1" 200 3540 "http://www.r-shinwa.jp/wordpress/wp-login.php" "Mozilla/5.0 (Windows NT 6.1; WOW64; rv:18.0) Gecko/20100101 Firefox/18.0"
85.10.195.141 - - [14/Apr/2013:02:41:39 +0900] "POST /wordpress/wp-login.php HTTP/1.1" 200 3540 "http://www.r-shinwa.jp/wordpress/wp-login.php" "Mozilla/5.0 (Windows NT 6.1; WOW64; rv:18.0) Gecko/20100101 Firefox/18.0"
216.230.251.97 - - [14/Apr/2013:02:45:50 +0900] "POST /wordpress/wp-cron.php?doing_wp_cron HTTP/1.0" 200 475 "-" "WordPress/3.0.1; http://www.r-shinwa.jp/wordpress"
202.214.8.82 - - [14/Apr/2013:02:45:50 +0900] "POST /wordpress/wp-login.php HTTP/1.1" 200 3540 "http://www.r-shinwa.jp/wordpress/wp-login.php" "Mozilla/5.0 (Windows NT 6.1; WOW64; rv:18.0) Gecko/20100101 Firefox/18.0"
66.249.74.201 - - [14/Apr/2013:02:54:42 +0900] "GET /kodawari/2012/04/post-109.html HTTP/1.1" 304 - "-" "Mozilla/5.0 (compatible; Googlebot/2.1; +http://www.google.com/bot.html)"
66.249.74.201 - - [14/Apr/2013:03:11:13 +0900] "GET /wps/wp-content/uploads/2012/08/f313e47b85bcf0ecf522417906ae80b0-80x80.jpg HTTP/1.1" 304 - "-" "Googlebot-Image/1.0"
66.249.74.201 - - [14/Apr/2013:03:16:27 +0900] "GET /kodawari/IMG_2177.jpg HTTP/1.1" 304 - "-" "Googlebot-Image/1.0"
216.230.251.97 - - [14/Apr/2013:03:38:52 +0900] "POST /wordpress/wp-cron.php?doing_wp_cron HTTP/1.0" 200 475 "-" "WordPress/3.0.1; http://www.r-shinwa.jp/wordpress"
202.214.8.82 - - [14/Apr/2013:03:38:53 +0900] "POST /wordpress/wp-login.php HTTP/1.1" 200 3540 "http://www.r-shinwa.jp/wordpress/wp-login.php" "Mozilla/5.0 (Windows NT 6.1; WOW64; rv:18.0) Gecko/20100101 Firefox/18.0"
216.230.251.97 - - [14/Apr/2013:03:51:08 +0900] "POST /wordpress/wp-cron.php?doing_wp_cron HTTP/1.0" 200 475 "-" "WordPress/3.0.1; http://www.r-shinwa.jp/wordpress"
24.234.3.189 - - [14/Apr/2013:03:51:08 +0900] "POST /wordpress/wp-login.php HTTP/1.1" 200 3540 "http://www.r-shinwa.jp/wordpress/wp-login.php" "Mozilla/5.0 (Windows NT 6.1; WOW64; rv:18.0) Gecko/20100101 Firefox/18.0"
85.25.73.37 - - [14/Apr/2013:03:51:13 +0900] "POST /wordpress/wp-login.php HTTP/1.1" 200 3540 "http://www.r-shinwa.jp/wordpress/wp-login.php" "Mozilla/5.0 (Windows NT 6.1; WOW64; rv:18.0) Gecko/20100101 Firefox/18.0"
92.114.86.81 - - [14/Apr/2013:03:51:17 +0900] "POST /wordpress/wp-login.php HTTP/1.1" 200 3540 "http://www.r-shinwa.jp/wordpress/wp-login.php" "Mozilla/5.0 (Windows NT 6.1; WOW64; rv:18.0) Gecko/20100101 Firefox/18.0"
66.249.74.201 - - [14/Apr/2013:04:02:58 +0900] "GET /kodawari/ HTTP/1.1" 200 130728 "-" "Mozilla/5.0 (iPhone; U; CPU iPhone OS 4_1 like Mac OS X; en-us) AppleWebKit/532.9 (KHTML, like Gecko) Version/4.0.5 Mobile/8B117 Safari/6531.22.7 (compatible; Googlebot-Mobile/2.1; +http://www.google.com/bot.html)"
66.249.74.201 - - [14/Apr/2013:04:05:23 +0900] "GET /kodawari/2012/11/newopen.html HTTP/1.1" 200 29632 "-" "DoCoMo/2.0 N905i(c100;TB;W24H16) (compatible; Googlebot-Mobile/2.1; +http://www.google.com/bot.html)"
131.253.24.155 - - [14/Apr/2013:04:08:04 +0900] "GET /kodawari/2012/06/post-113.html HTTP/1.1" 200 19707 "-" "Mozilla/4.0 (compatible; MSIE 7.0; Windows NT 5.2;  SV1;  .NET CLR 1.1.4325;  .NET CLR 2.0.40607;  .NET CLR 3.0.04506.648)"
131.253.24.155 - - [14/Apr/2013:04:08:08 +0900] "GET /kodawari/styles.css HTTP/1.1" 200 228 "http://www.r-shinwa.jp/kodawari/2012/06/post-113.html" "Mozilla/4.0 (compatible; MSIE 7.0; Windows NT 5.2;  SV1;  .NET CLR 1.1.4325;  .NET CLR 2.0.40607;  .NET CLR 3.0.04506.648)"
131.253.24.155 - - [14/Apr/2013:04:08:12 +0900] "GET /kodawari/mt.js HTTP/1.1" 200 32886 "http://www.r-shinwa.jp/kodawari/2012/06/post-113.html" "Mozilla/4.0 (compatible; MSIE 7.0; Windows NT 5.2;  SV1;  .NET CLR 1.1.4325;  .NET CLR 2.0.40607;  .NET CLR 3.0.04506.648)"
65.55.212.91 - - [14/Apr/2013:04:08:16 +0900] "GET /cgi-bin/mt/mt-static/themes-base/blog.css HTTP/1.1" 200 9407 "http://www.r-shinwa.jp/kodawari/2012/06/post-113.html" "Mozilla/4.0 (compatible; MSIE 7.0; Windows NT 5.2;  SV1;  .NET CLR 1.1.4325;  .NET CLR 2.0.40607;  .NET CLR 3.0.04506.648)"
131.253.24.155 - - [14/Apr/2013:04:08:20 +0900] "GET /cgi-bin/mt/mt-static/themes/cityscape-sf/screen.css HTTP/1.1" 200 7055 "http://www.r-shinwa.jp/kodawari/2012/06/post-113.html" "Mozilla/4.0 (compatible; MSIE 7.0; Windows NT 5.2;  SV1;  .NET CLR 1.1.4325;  .NET CLR 2.0.40607;  .NET CLR 3.0.04506.648)"
123.225.193.69 - - [14/Apr/2013:04:16:17 +0900] "GET /kodawari/Daytime.jpg HTTP/1.1" 200 87925 "-" "Mozilla/5.0 (iPhone; CPU iPhone OS 6_1_3 like Mac OS X) AppleWebKit/536.26 (KHTML, like Gecko) Version/6.0 Mobile/10B329 Safari/8536.25"
98.137.206.52 - - [14/Apr/2013:04:17:17 +0900] "GET /wps/wp-content/uploads/2013/03/550.png HTTP/1.1" 200 72031 "http://www.e-shinwa.net/" "Mozilla/5.0 (compatible; Yahoo! Slurp/3.0; http://help.yahoo.com/help/us/ysearch/slurp) NOT Firefox/3.5"
216.230.251.97 - - [14/Apr/2013:04:32:11 +0900] "POST /wordpress/wp-cron.php?doing_wp_cron HTTP/1.0" 200 475 "-" "WordPress/3.0.1; http://www.r-shinwa.jp/wordpress"
207.58.139.238 - - [14/Apr/2013:04:32:11 +0900] "POST /wordpress/wp-login.php HTTP/1.1" 200 3540 "http://www.r-shinwa.jp/wordpress/wp-login.php" "Mozilla/5.0 (Windows NT 6.1; WOW64; rv:18.0) Gecko/20100101 Firefox/18.0"
144.76.13.77 - - [14/Apr/2013:04:56:50 +0900] "GET /cgi-bin/mt/mt-cp.cgi?__mode=view&blog_id=1&id=3 HTTP/1.1" 200 28895 "-" "Mozilla/4.0 (compatible; MSIE 6.0; Windows NT 5.1; SV1)"
144.76.13.77 - - [14/Apr/2013:04:56:51 +0900] "GET /kodawari/2012/11/post-121.html HTTP/1.1" 200 18586 "-" "Mozilla/4.0 (compatible; MSIE 6.0; Windows NT 5.1; SV1)"
216.230.251.97 - - [14/Apr/2013:05:01:34 +0900] "POST /wordpress/wp-cron.php?doing_wp_cron HTTP/1.0" 200 475 "-" "WordPress/3.0.1; http://www.r-shinwa.jp/wordpress"
65.60.19.242 - - [14/Apr/2013:05:01:34 +0900] "POST /wordpress/wp-login.php HTTP/1.1" 200 3540 "http://www.r-shinwa.jp/wordpress/wp-login.php" "Mozilla/5.0 (Windows NT 6.1; WOW64; rv:18.0) Gecko/20100101 Firefox/18.0"
94.23.234.227 - - [14/Apr/2013:05:01:35 +0900] "POST /wordpress/wp-login.php HTTP/1.1" 200 3540 "http://www.r-shinwa.jp/wordpress/wp-login.php" "Mozilla/5.0 (Windows NT 6.1; WOW64; rv:18.0) Gecko/20100101 Firefox/18.0"
46.165.198.100 - - [14/Apr/2013:05:01:35 +0900] "POST /wordpress/wp-login.php HTTP/1.1" 200 3540 "http://www.r-shinwa.jp/wordpress/wp-login.php" "Mozilla/5.0 (Windows NT 6.1; WOW64; rv:18.0) Gecko/20100101 Firefox/18.0"
157.56.93.214 - - [14/Apr/2013:05:11:40 +0900] "GET /robots.txt HTTP/1.1" 404 6352 "-" "Mozilla/5.0 (compatible; bingbot/2.0; +http://www.bing.com/bingbot.htm)"
66.249.74.201 - - [14/Apr/2013:05:11:57 +0900] "GET /?works=%E8%97%A4%E6%9C%AC%E9%82%B8 HTTP/1.1" 200 13269 "-" "Mozilla/5.0 (compatible; Googlebot/2.1; +http://www.google.com/bot.html)"
66.249.74.201 - - [14/Apr/2013:05:12:43 +0900] "GET /?works=%E8%A5%BF%E9%82%B8 HTTP/1.1" 200 13514 "-" "Mozilla/5.0 (iPhone; U; CPU iPhone OS 4_1 like Mac OS X; en-us) AppleWebKit/532.9 (KHTML, like Gecko) Version/4.0.5 Mobile/8B117 Safari/6531.22.7 (compatible; Googlebot-Mobile/2.1; +http://www.google.com/bot.html)"
157.56.93.214 - - [14/Apr/2013:05:12:58 +0900] "GET /?p=350 HTTP/1.1" 200 13736 "-" "Mozilla/5.0 (compatible; bingbot/2.0; +http://www.bing.com/bingbot.htm)"
126.4.242.127 - - [14/Apr/2013:05:20:05 +0900] "GET /wps/wp-content/uploads/2013/03/550.png HTTP/1.1" 200 72031 "http://e-shinwa.net/" "Mozilla/5.0 (iPhone; CPU iPhone OS 6_1_3 like Mac OS X) AppleWebKit/536.26 (KHTML, like Gecko) Version/6.0 Mobile/10B329 Safari/8536.25"
180.16.120.29 - - [14/Apr/2013:05:22:30 +0900] "GET /kodawari/2011/06/post-69.html HTTP/1.1" 200 15993 "-" "Mozilla/4.0+(compatible;+Robot/1.0)"
180.16.120.29 - - [14/Apr/2013:05:22:59 +0900] "GET /kodawari/2011/06/post-68.html HTTP/1.1" 200 17077 "-" "Mozilla/4.0+(compatible;+Robot/1.0)"
180.16.120.29 - - [14/Apr/2013:05:23:24 +0900] "GET /kodawari/2011/06/post-67.html HTTP/1.1" 200 19261 "-" "Mozilla/4.0+(compatible;+Robot/1.0)"
180.16.120.29 - - [14/Apr/2013:05:23:57 +0900] "GET /kodawari/2011/06/post-66.html HTTP/1.1" 200 17753 "-" "Mozilla/4.0+(compatible;+Robot/1.0)"
180.16.120.29 - - [14/Apr/2013:05:24:33 +0900] "GET /kodawari/2011/06/post-65.html HTTP/1.1" 200 34037 "-" "Mozilla/4.0+(compatible;+Robot/1.0)"
180.16.120.29 - - [14/Apr/2013:05:25:01 +0900] "GET /kodawari/2011/05/post-64.html HTTP/1.1" 200 16031 "-" "Mozilla/4.0+(compatible;+Robot/1.0)"
216.230.251.97 - - [14/Apr/2013:05:25:02 +0900] "POST /wordpress/wp-cron.php?doing_wp_cron HTTP/1.0" 200 475 "-" "WordPress/3.0.1; http://www.r-shinwa.jp/wordpress"
210.188.201.41 - - [14/Apr/2013:05:25:02 +0900] "POST /wordpress/wp-login.php HTTP/1.1" 200 3540 "http://www.r-shinwa.jp/wordpress/wp-login.php" "Mozilla/5.0 (Windows NT 6.1; WOW64; rv:18.0) Gecko/20100101 Firefox/18.0"
180.16.120.29 - - [14/Apr/2013:05:25:30 +0900] "GET /kodawari/2011/05/post-63.html HTTP/1.1" 200 14947 "-" "Mozilla/4.0+(compatible;+Robot/1.0)"
180.16.120.29 - - [14/Apr/2013:05:26:07 +0900] "GET /cgi-bin/mt/mt-cp.cgi?__mode=view&blog_id=1&id=2 HTTP/1.1" 200 15160 "-" "Mozilla/4.0+(compatible;+Robot/1.0)"
180.16.120.29 - - [14/Apr/2013:05:26:36 +0900] "GET /kodawari/2011/05/post-62.html HTTP/1.1" 200 14996 "-" "Mozilla/4.0+(compatible;+Robot/1.0)"
180.16.120.29 - - [14/Apr/2013:05:27:00 +0900] "GET /kodawari/2011/05/post-61.html HTTP/1.1" 200 14984 "-" "Mozilla/4.0+(compatible;+Robot/1.0)"
66.249.74.201 - - [14/Apr/2013:05:27:08 +0900] "GET /kodawari/2011/06/post-66.html HTTP/1.1" 304 - "-" "Mozilla/5.0 (compatible; Googlebot/2.1; +http://www.google.com/bot.html)"
180.16.120.29 - - [14/Apr/2013:05:27:35 +0900] "GET /kodawari/2011/02/36-1.html HTTP/1.1" 200 17576 "-" "Mozilla/4.0+(compatible;+Robot/1.0)"
180.16.120.29 - - [14/Apr/2013:05:27:57 +0900] "GET /kodawari/2011/02/post-60.html HTTP/1.1" 200 38723 "-" "Mozilla/4.0+(compatible;+Robot/1.0)"
180.16.120.29 - - [14/Apr/2013:05:28:30 +0900] "GET /kodawari/2011/02/36.html HTTP/1.1" 200 18619 "-" "Mozilla/4.0+(compatible;+Robot/1.0)"
180.16.120.29 - - [14/Apr/2013:05:29:03 +0900] "GET /kodawari/2011/02/post-59.html HTTP/1.1" 200 33348 "-" "Mozilla/4.0+(compatible;+Robot/1.0)"
180.16.120.29 - - [14/Apr/2013:05:29:36 +0900] "GET /kodawari/2011/02/post-58.html HTTP/1.1" 200 23935 "-" "Mozilla/4.0+(compatible;+Robot/1.0)"
157.55.35.48 - - [14/Apr/2013:06:11:19 +0900] "GET /robots.txt HTTP/1.1" 301 5 "-" "Mozilla/5.0 (compatible; bingbot/2.0; +http://www.bing.com/bingbot.htm)"
157.55.35.48 - - [14/Apr/2013:06:11:19 +0900] "GET /robots.txt HTTP/1.1" 404 6352 "-" "Mozilla/5.0 (compatible; bingbot/2.0; +http://www.bing.com/bingbot.htm)"
216.230.251.97 - - [14/Apr/2013:06:11:31 +0900] "POST /wordpress/wp-cron.php?doing_wp_cron HTTP/1.0" 200 475 "-" "WordPress/3.0.1; http://www.r-shinwa.jp/wordpress"
108.163.188.186 - - [14/Apr/2013:06:11:31 +0900] "POST /wordpress/wp-login.php HTTP/1.1" 200 3540 "http://www.r-shinwa.jp/wordpress/wp-login.php" "Mozilla/5.0 (Windows NT 6.1; WOW64; rv:18.0) Gecko/20100101 Firefox/18.0"
74.117.61.88 - - [14/Apr/2013:06:11:32 +0900] "POST /wordpress/wp-login.php HTTP/1.1" 200 3540 "http://www.r-shinwa.jp/wordpress/wp-login.php" "Mozilla/5.0 (Windows NT 6.1; WOW64; rv:18.0) Gecko/20100101 Firefox/18.0"
115.187.79.147 - - [14/Apr/2013:06:11:32 +0900] "POST /wordpress/wp-login.php HTTP/1.1" 200 3540 "http://www.r-shinwa.jp/wordpress/wp-login.php" "Mozilla/5.0 (Windows NT 6.1; WOW64; rv:18.0) Gecko/20100101 Firefox/18.0"
210.198.27.9 - - [14/Apr/2013:06:11:41 +0900] "GET /wps/wp-content/themes/casavilla/image/joytas_banner.png HTTP/1.1" 200 4744 "-" "Mozilla/4.0 (compatible; MSIE 6.0; Windows NT 5.0)"
157.56.93.40 - - [14/Apr/2013:06:11:57 +0900] "GET /?p=345 HTTP/1.1" 200 11931 "-" "Mozilla/5.0 (compatible; bingbot/2.0; +http://www.bing.com/bingbot.htm)"
157.55.35.48 - - [14/Apr/2013:06:12:26 +0900] "GET /kanko/h_01/index.html HTTP/1.1" 301 5 "-" "Mozilla/5.0 (compatible; bingbot/2.0; +http://www.bing.com/bingbot.htm)"
216.230.251.97 - - [14/Apr/2013:06:17:02 +0900] "POST /wordpress/wp-cron.php?doing_wp_cron HTTP/1.0" 200 475 "-" "WordPress/3.0.1; http://www.r-shinwa.jp/wordpress"
65.60.29.133 - - [14/Apr/2013:06:17:03 +0900] "POST /wordpress/wp-login.php HTTP/1.1" 200 3540 "http://www.r-shinwa.jp/wordpress/wp-login.php" "Mozilla/5.0 (Windows NT 6.1; WOW64; rv:18.0) Gecko/20100101 Firefox/18.0"
66.249.74.201 - - [14/Apr/2013:06:26:27 +0900] "GET /kodawari/2010/10/post-34.html HTTP/1.1" 200 17316 "-" "DoCoMo/2.0 N905i(c100;TB;W24H16) (compatible; Googlebot-Mobile/2.1; +http://www.google.com/bot.html)"
216.230.251.97 - - [14/Apr/2013:07:09:33 +0900] "POST /wordpress/wp-cron.php?doing_wp_cron HTTP/1.0" 200 475 "-" "WordPress/3.0.1; http://www.r-shinwa.jp/wordpress"
173.245.6.132 - - [14/Apr/2013:07:09:33 +0900] "POST /wordpress/wp-login.php HTTP/1.1" 200 3540 "http://www.r-shinwa.jp/wordpress/wp-login.php" "Mozilla/5.0 (Windows NT 6.1; WOW64; rv:18.0) Gecko/20100101 Firefox/18.0"
110.5.55.91 - - [14/Apr/2013:07:15:02 +0900] "GET /wps/wp-content/uploads/2013/03/550.png HTTP/1.1" 200 72031 "http://e-shinwa.net/" "Mozilla/5.0 (Windows NT 5.1; rv:20.0) Gecko/20100101 Firefox/20.0"
216.230.251.97 - - [14/Apr/2013:07:20:41 +0900] "POST /wordpress/wp-cron.php?doing_wp_cron HTTP/1.0" 200 475 "-" "WordPress/3.0.1; http://www.r-shinwa.jp/wordpress"
50.22.236.98 - - [14/Apr/2013:07:20:42 +0900] "POST /wordpress/wp-login.php HTTP/1.1" 200 3540 "http://www.r-shinwa.jp/wordpress/wp-login.php" "Mozilla/5.0 (Windows NT 6.1; WOW64; rv:18.0) Gecko/20100101 Firefox/18.0"
8.29.131.248 - - [14/Apr/2013:07:20:42 +0900] "POST /wordpress/wp-login.php HTTP/1.1" 200 3540 "http://www.r-shinwa.jp/wordpress/wp-login.php" "Mozilla/5.0 (Windows NT 6.1; WOW64; rv:18.0) Gecko/20100101 Firefox/18.0"
65.254.40.154 - - [14/Apr/2013:07:20:42 +0900] "POST /wordpress/wp-login.php HTTP/1.1" 200 3540 "http://www.r-shinwa.jp/wordpress/wp-login.php" "Mozilla/5.0 (Windows NT 6.1; WOW64; rv:18.0) Gecko/20100101 Firefox/18.0"
157.55.32.237 - - [14/Apr/2013:07:40:17 +0900] "GET /?page_id=12 HTTP/1.1" 200 8879 "-" "Mozilla/5.0 (compatible; bingbot/2.0; +http://www.bing.com/bingbot.htm)"
209.85.238.201 - - [14/Apr/2013:07:58:58 +0900] "GET /vita/ HTTP/1.1" 200 7660 "-" "AdsBot-Google (+http://www.google.com/adsbot.html)"
209.85.238.201 - - [14/Apr/2013:07:59:02 +0900] "GET /vita/ HTTP/1.1" 200 7660 "-" "AdsBot-Google-Mobile (+http://www.google.com/mobile/adsbot.html) Mozilla (iPhone; U; CPU iPhone OS 3 0 like Mac OS X) AppleWebKit (KHTML, like Gecko) Mobile Safari"
209.85.238.201 - - [14/Apr/2013:07:59:25 +0900] "GET /vita/images/10039448247.gif HTTP/1.1" 200 7174 "-" "AdsBot-Google-Mobile (+http://www.google.com/mobile/adsbot.html) Mozilla (iPhone; U; CPU iPhone OS 3 0 like Mac OS X) AppleWebKit (KHTML, like Gecko) Mobile Safari"
209.85.238.201 - - [14/Apr/2013:07:59:28 +0900] "GET /vita/images/66.jpg HTTP/1.1" 200 360448 "-" "AdsBot-Google (+http://www.google.com/adsbot.html)"
209.85.238.201 - - [14/Apr/2013:07:59:33 +0900] "GET /vita/images/casa_vol3_H1.jpg HTTP/1.1" 200 360448 "-" "AdsBot-Google-Mobile (+http://www.google.com/mobile/adsbot.html) Mozilla (iPhone; U; CPU iPhone OS 3 0 like Mac OS X) AppleWebKit (KHTML, like Gecko) Mobile Safari"
209.85.238.201 - - [14/Apr/2013:07:59:50 +0900] "GET /wps/wp-content/themes/casavilla/js/scriptset.js HTTP/1.1" 200 16349 "-" "AdsBot-Google (+http://www.google.com/adsbot.html)"
209.85.238.201 - - [14/Apr/2013:07:59:58 +0900] "GET /vita/js/jquery.fancybox-1.2.6.pack.js HTTP/1.1" 200 9522 "-" "AdsBot-Google (+http://www.google.com/adsbot.html)"
209.85.238.201 - - [14/Apr/2013:08:00:00 +0900] "GET /vita/images/74.jpg HTTP/1.1" 200 360448 "-" "AdsBot-Google (+http://www.google.com/adsbot.html)"
209.85.238.201 - - [14/Apr/2013:08:00:01 +0900] "GET /vita/images/10039448247.gif HTTP/1.1" 200 7174 "-" "AdsBot-Google (+http://www.google.com/adsbot.html)"
209.85.238.201 - - [14/Apr/2013:08:00:04 +0900] "GET /vita/images/7723.jpg HTTP/1.1" 200 360936 "-" "AdsBot-Google-Mobile (+http://www.google.com/mobile/adsbot.html) Mozilla (iPhone; U; CPU iPhone OS 3 0 like Mac OS X) AppleWebKit (KHTML, like Gecko) Mobile Safari"
209.85.238.201 - - [14/Apr/2013:08:00:06 +0900] "GET /vita/style.css HTTP/1.1" 200 5979 "-" "AdsBot-Google (+http://www.google.com/adsbot.html)"
209.85.238.201 - - [14/Apr/2013:08:00:13 +0900] "GET /vita/images/vita01-2.jpg HTTP/1.1" 200 414090 "-" "AdsBot-Google (+http://www.google.com/adsbot.html)"
209.85.238.201 - - [14/Apr/2013:08:00:18 +0900] "GET /vita/images/casa_vol3_H1.jpg HTTP/1.1" 200 407062 "-" "AdsBot-Google (+http://www.google.com/adsbot.html)"
209.85.238.201 - - [14/Apr/2013:08:00:21 +0900] "GET /vita/images/75.jpg HTTP/1.1" 200 375480 "-" "AdsBot-Google-Mobile (+http://www.google.com/mobile/adsbot.html) Mozilla (iPhone; U; CPU iPhone OS 3 0 like Mac OS X) AppleWebKit (KHTML, like Gecko) Mobile Safari"
209.85.238.201 - - [14/Apr/2013:08:00:23 +0900] "GET /vita/images/7723.jpg HTTP/1.1" 200 384182 "-" "AdsBot-Google (+http://www.google.com/adsbot.html)"
209.85.238.201 - - [14/Apr/2013:08:00:25 +0900] "GET /vita/images/75.jpg HTTP/1.1" 200 393216 "-" "AdsBot-Google (+http://www.google.com/adsbot.html)"
209.85.238.201 - - [14/Apr/2013:08:00:27 +0900] "GET /vita/images/vita02-2.jpg HTTP/1.1" 200 392640 "-" "AdsBot-Google-Mobile (+http://www.google.com/mobile/adsbot.html) Mozilla (iPhone; U; CPU iPhone OS 3 0 like Mac OS X) AppleWebKit (KHTML, like Gecko) Mobile Safari"
209.85.238.201 - - [14/Apr/2013:08:00:32 +0900] "GET /vita/images/vita02-2.jpg HTTP/1.1" 200 402528 "-" "AdsBot-Google (+http://www.google.com/adsbot.html)"
209.85.238.201 - - [14/Apr/2013:08:00:50 +0900] "GET /vita/images/top.png HTTP/1.1" 200 110795 "-" "AdsBot-Google-Mobile (+http://www.google.com/mobile/adsbot.html) Mozilla (iPhone; U; CPU iPhone OS 3 0 like Mac OS X) AppleWebKit (KHTML, like Gecko) Mobile Safari"
209.85.238.201 - - [14/Apr/2013:08:00:53 +0900] "GET /vita/images/top.png HTTP/1.1" 200 110795 "-" "AdsBot-Google (+http://www.google.com/adsbot.html)"
